// Jest Snapshot v1, https://goo.gl/fbAQLP

exports[`Views > Landing should render 1`] = `
[
  <h1
    className="underline"
  >
    Hello from Landing ðŸ‘½
  </h1>,
  <a
    href="/yasambilim"
    onClick={[Function]}
  >
    GOTO yasambilim
  </a>,
]
`;
